##########################################
# (1) LINK INFORMATION                   #
##########################################
ln30 @.\GENERAL.cmd

# LINK FILE INFORMATION
NCRT0 (.\ncrt0.r30)
	Apr 15 08:52:19 2010

MAIN (.\main.r30)
	Apr 15 08:52:20 2010

ALLVOLTAGELOSS (.\AllVoltageLoss.r30)
	Apr 15 08:52:21 2010

DEMAND (.\Demand.r30)
	Apr 15 08:52:22 2010

HT_1623 (.\HT_1623.r30)
	Apr 15 08:52:23 2010

I2C_OPERATION (.\I2C_operation.r30)
	Apr 15 08:52:24 2010

INIT_PROGRAM_LDH (.\Init_program_LDH.r30)
	Apr 15 08:52:25 2010

LOADRECORD (.\LoadRecord.r30)
	Apr 15 08:52:26 2010

MB_KEYMAIN (.\MB_Keymain.r30)
	Apr 15 08:52:28 2010

MB_SHOWMAIN (.\MB_Showmain.r30)
	Apr 15 08:52:31 2010

COMM (.\comm.r30)
	Apr 15 08:52:37 2010

EVENTNEW (.\eventnew.r30)
	Apr 15 08:52:44 2010

INITCPU (.\initcpu.r30)
	Apr 15 08:52:45 2010

INITRAM (.\initram.r30)
	Apr 15 08:52:46 2010

INTERRUPT (.\interrupt.r30)
	Apr 15 08:52:48 2010

MULTI (.\multi.r30)
	Apr 15 08:52:50 2010

SEG (.\seg.r30)
	Apr 15 08:52:50 2010

POWERDOWN_LDH (.\powerdown_ldh.r30)
	Apr 15 08:52:51 2010

ATT7022_OPERATION (.\att7022_operation.r30)
	Apr 15 08:52:52 2010

CAL24C02 (.\cal24c02.r30)
	Apr 15 08:52:53 2010

645_2007 (.\645_2007.r30)
	Apr 15 08:52:55 2010

FREEZE (.\freeze.r30)
	Apr 15 08:52:56 2010

FILE_SYSTEM (.\File_System.r30)
	Apr 15 08:52:57 2010

645DATA (.\645Data.r30)
	Apr 15 08:53:02 2010

TDK71M6515_CAL (.\TDK71M6515_Cal.r30)
	Apr 15 08:53:04 2010

CPUCARD_DRIVER (.\Cpucard_Driver.r30)
	Apr 15 08:53:06 2010

FAR_PAY (.\Far_pay.r30)
	Apr 15 08:53:07 2010

ICCARD (.\ICcard.r30)
	Apr 15 08:53:09 2010

PAY_FOR_FUN (.\Pay_For_Fun.r30)
	Apr 15 08:53:11 2010

CARD_DATA (.\Card_Data.r30)
	Apr 15 08:53:12 2010

WIRELESS (.\Wireless.r30)
	Apr 15 08:53:13 2010

_F4ADD (C:\MTOOL\LIB30\nc30lib.lib)
	Jan 27 11:07:01 2004

_F4DIV (C:\MTOOL\LIB30\nc30lib.lib)
	Jan 27 11:07:01 2004

_F4GE (C:\MTOOL\LIB30\nc30lib.lib)
	Jan 27 11:07:02 2004

_F4GT (C:\MTOOL\LIB30\nc30lib.lib)
	Jan 27 11:07:02 2004

_F4LE (C:\MTOOL\LIB30\nc30lib.lib)
	Jan 27 11:07:02 2004

_F4LT (C:\MTOOL\LIB30\nc30lib.lib)
	Jan 27 11:07:02 2004

_F4MUL (C:\MTOOL\LIB30\nc30lib.lib)
	Jan 27 11:07:03 2004

_F4NE (C:\MTOOL\LIB30\nc30lib.lib)
	Jan 27 11:07:03 2004

_F4SUB (C:\MTOOL\LIB30\nc30lib.lib)
	Jan 27 11:07:03 2004

_F4TOF8 (C:\MTOOL\LIB30\nc30lib.lib)
	Jan 27 11:07:03 2004

_F4TOI4U (C:\MTOOL\LIB30\nc30lib.lib)
	Jan 27 11:07:04 2004

_F8ADD (C:\MTOOL\LIB30\nc30lib.lib)
	Jan 27 11:07:05 2004

_F8DIV (C:\MTOOL\LIB30\nc30lib.lib)
	Jan 27 11:07:05 2004

_F8GE (C:\MTOOL\LIB30\nc30lib.lib)
	Jan 27 11:07:05 2004

_F8GT (C:\MTOOL\LIB30\nc30lib.lib)
	Jan 27 11:07:05 2004

_F8LE (C:\MTOOL\LIB30\nc30lib.lib)
	Jan 27 11:07:05 2004

_F8LT (C:\MTOOL\LIB30\nc30lib.lib)
	Jan 27 11:07:06 2004

_F8LTOR (C:\MTOOL\LIB30\nc30lib.lib)
	Jan 27 11:07:06 2004

_F8MUL (C:\MTOOL\LIB30\nc30lib.lib)
	Jan 27 11:07:06 2004

_F8NE (C:\MTOOL\LIB30\nc30lib.lib)
	Jan 27 11:07:06 2004

_F8SUB (C:\MTOOL\LIB30\nc30lib.lib)
	Jan 27 11:07:07 2004

_F8TOF4 (C:\MTOOL\LIB30\nc30lib.lib)
	Jan 27 11:07:07 2004

_F8TOI4 (C:\MTOOL\LIB30\nc30lib.lib)
	Jan 27 11:07:07 2004

_F8TOI4U (C:\MTOOL\LIB30\nc30lib.lib)
	Jan 27 11:07:07 2004

_F8TOI8 (C:\MTOOL\LIB30\nc30lib.lib)
	Jan 27 11:07:07 2004

_FTOL (C:\MTOOL\LIB30\nc30lib.lib)
	Jan 27 11:07:08 2004

_FTOLL (C:\MTOOL\LIB30\nc30lib.lib)
	Jan 27 11:07:08 2004

_I4DIV (C:\MTOOL\LIB30\nc30lib.lib)
	Jan 27 11:07:08 2004

_I4DIVU (C:\MTOOL\LIB30\nc30lib.lib)
	Jan 27 11:07:08 2004

_I4MODU (C:\MTOOL\LIB30\nc30lib.lib)
	Jan 27 11:07:08 2004

_I4MULU (C:\MTOOL\LIB30\nc30lib.lib)
	Jan 27 11:07:08 2004

_I4TOF8 (C:\MTOOL\LIB30\nc30lib.lib)
	Jan 27 11:07:09 2004

_I4UTOF4 (C:\MTOOL\LIB30\nc30lib.lib)
	Jan 27 11:07:09 2004

_I4UTOF8 (C:\MTOOL\LIB30\nc30lib.lib)
	Jan 27 11:07:09 2004

_I8DIV (C:\MTOOL\LIB30\nc30lib.lib)
	Jan 27 11:07:09 2004

_I8DIVU (C:\MTOOL\LIB30\nc30lib.lib)
	Jan 27 11:07:09 2004

_I8MOD (C:\MTOOL\LIB30\nc30lib.lib)
	Jan 27 11:07:09 2004

_I8MODU (C:\MTOOL\LIB30\nc30lib.lib)
	Jan 27 11:07:09 2004

_I8MULU (C:\MTOOL\LIB30\nc30lib.lib)
	Jan 27 11:07:10 2004

_I8TOF4 (C:\MTOOL\LIB30\nc30lib.lib)
	Jan 27 11:07:10 2004

_LLTOF (C:\MTOOL\LIB30\nc30lib.lib)
	Jan 27 11:07:10 2004

_LTOF (C:\MTOOL\LIB30\nc30lib.lib)
	Jan 27 11:07:11 2004

BCOPY (C:\MTOOL\LIB30\nc30lib.lib)
	Jan 27 11:07:14 2004

BZERO (C:\MTOOL\LIB30\nc30lib.lib)
	Jan 27 11:07:14 2004

MALLOC (C:\MTOOL\LIB30\nc30lib.lib)
	Jan 27 11:07:27 2004

MEMCPY (C:\MTOOL\LIB30\nc30lib.lib)
	Jan 27 11:07:28 2004

MEMSET (C:\MTOOL\LIB30\nc30lib.lib)
	Jan 27 11:07:29 2004

SQRT (C:\MTOOL\LIB30\nc30lib.lib)
	Jan 27 11:07:47 2004

_F4LTOR (C:\MTOOL\LIB30\nc30lib.lib)
	Jan 27 11:07:02 2004

_F4RTOL (C:\MTOOL\LIB30\nc30lib.lib)
	Jan 27 11:07:03 2004

_F8EQ (C:\MTOOL\LIB30\nc30lib.lib)
	Jan 27 11:07:05 2004

_F8RTOL (C:\MTOOL\LIB30\nc30lib.lib)
	Jan 27 11:07:06 2004

ERRNO (C:\MTOOL\LIB30\nc30lib.lib)
	Jan 27 11:07:16 2004

MB_BASE_FUN (MB_Base_Fun.lib)
	Nov 23 08:55:39 2009

DL_645_DATACHANGE (datachange.lib)
	Nov 26 08:46:05 2009


##########################################
# (2) SECTION INFORMATION                #
##########################################
# SECTION                        ATR TYPE    START  LENGTH ALIGN MODULENAME
VECTOR_TABLE                     REL DATA    000000 000000       NCRT0
data_SE                          ABS DATA    000400 000000       NCRT0
bss_SE                           REL DATA    000400 000000 2     NCRT0
data_SO                          REL DATA    000400 000000       NCRT0
bss_SO                           REL DATA    000400 000000       NCRT0
data_NE                          REL DATA    000400 000000 2     NCRT0
                                 REL DATA    000400 000404       MAIN
                                 REL DATA    000804 000004       MB_KEYMAIN
                                 REL DATA    000808 00001A       MB_SHOWMAIN
                                 REL DATA    000822 000010       COMM
                                 REL DATA    000832 000020       EVENTNEW
                                 REL DATA    000852 000002       645_2007
                                 REL DATA    000854 00000C       FAR_PAY
                                 REL DATA    000860 000014       ICCARD
                                 REL DATA    000874 00000A       PAY_FOR_FUN
                                 REL DATA    00087E 000010       MALLOC
                                 REL DATA    00088E 000002       ERRNO
bss_NE                           REL DATA    000890 000000 2     NCRT0
                                 REL DATA    000890 001422       MAIN
                                 REL DATA    001CB2 000014       ALLVOLTAGELOSS
                                 REL DATA    001CC6 00015C       DEMAND
                                 REL DATA    001E22 00025E       LOADRECORD
                                 REL DATA    002080 000098       MB_KEYMAIN
                                 REL DATA    002118 00002C       MB_SHOWMAIN
                                 REL DATA    002144 00051E       COMM
                                 REL DATA    002662 0002C4       EVENTNEW
                                 REL DATA    002926 000004       INITCPU
                                 REL DATA    00292A 000072       INTERRUPT
                                 REL DATA    00299C 0000F2       MULTI
                                 REL DATA    002A8E 000004       SEG
                                 REL DATA    002A92 000002       POWERDOWN_LDH
                                 REL DATA    002A94 000008       ATT7022_OPERATION
                                 REL DATA    002A9C 00003C       645_2007
                                 REL DATA    002AD8 000068       FILE_SYSTEM
                                 REL DATA    002B40 0000B2       TDK71M6515_CAL
                                 REL DATA    002BF2 000210       CPUCARD_DRIVER
                                 REL DATA    002E02 000062       FAR_PAY
                                 REL DATA    002E64 000240       ICCARD
                                 REL DATA    0030A4 000328       PAY_FOR_FUN
                                 REL DATA    0033CC 000004       WIRELESS
                                 REL DATA    0033D0 00000C       MALLOC
data_NO                          REL DATA    0033DC 000000       NCRT0
                                 REL DATA    0033DC 00000A       MAIN
                                 REL DATA    0033E6 000002       DEMAND
                                 REL DATA    0033E8 00000A       EVENTNEW
                                 REL DATA    0033F2 000004       INTERRUPT
                                 REL DATA    0033F6 000001       MULTI
                                 REL DATA    0033F7 000001       FAR_PAY
                                 REL DATA    0033F8 000009       ICCARD
                                 REL DATA    003401 000004       PAY_FOR_FUN
bss_NO                           REL DATA    003405 000000       NCRT0
                                 REL DATA    003405 0002D9       MAIN
                                 REL DATA    0036DE 0000BA       ALLVOLTAGELOSS
                                 REL DATA    003798 000C35       DEMAND
                                 REL DATA    0043CD 000065       LOADRECORD
                                 REL DATA    004432 00001D       MB_KEYMAIN
                                 REL DATA    00444F 000022       MB_SHOWMAIN
                                 REL DATA    004471 000025       COMM
                                 REL DATA    004496 000022       EVENTNEW
                                 REL DATA    0044B8 000010       INITCPU
                                 REL DATA    0044C8 000001       INITRAM
                                 REL DATA    0044C9 00000D       INTERRUPT
                                 REL DATA    0044D6 00000D       MULTI
                                 REL DATA    0044E3 000006       ATT7022_OPERATION
                                 REL DATA    0044E9 000002       645_2007
                                 REL DATA    0044EB 000004       FILE_SYSTEM
                                 REL DATA    0044EF 0000CC       TDK71M6515_CAL
                                 REL DATA    0045BB 000004       CPUCARD_DRIVER
                                 REL DATA    0045BF 00000D       FAR_PAY
                                 REL DATA    0045CC 000007       ICCARD
                                 REL DATA    0045D3 00004D       PAY_FOR_FUN
stack                            REL DATA    004620 000600       NCRT0
heap                             REL DATA    004C20 000000       NCRT0
rom_NE                           REL ROMDATA 004C20 000000 2     NCRT0
rom_NO                           REL ROMDATA 004C20 000000       NCRT0
data_FE                          ABS DATA    010000 000000       NCRT0
bss_FE                           REL DATA    010000 000000 2     NCRT0
data_FO                          REL DATA    010000 000000       NCRT0
bss_FO                           REL DATA    010000 000000       NCRT0
UserROMData_FE                   ABS ROMDATA 00F000 000000       NCRT0
                                 REL ROMDATA 00F000 000020       I2C_OPERATION
                                 REL ROMDATA 00F020 000018       LOADRECORD
                                 REL ROMDATA 00F038 000006       LOADRECORD
                                 REL ROMDATA 00F03E 000020       MB_KEYMAIN
                                 REL ROMDATA 00F05E 000028       MB_SHOWMAIN
                                 REL ROMDATA 00F086 000100       COMM
                                 REL ROMDATA 00F186 00001C       COMM
                                 REL ROMDATA 00F1A2 000054       EVENTNEW
                                 REL ROMDATA 00F1F6 0001FC       INITRAM
                                 REL ROMDATA 00F3F2 000048       ATT7022_OPERATION
                                 REL ROMDATA 00F43A 00004C       TDK71M6515_CAL
                                 REL ROMDATA 00F486 000138       TDK71M6515_CAL
                                 REL ROMDATA 00F5BE 0000A0       TDK71M6515_CAL
                                 REL ROMDATA 00F65E 000060       TDK71M6515_CAL
                                 REL ROMDATA 00F6BE 000034       DL_645_DATACHANGE
UserROMData_FO                   REL ROMDATA 00F6F2 000000       NCRT0
                                 REL ROMDATA 00F6F2 000000       MB_SHOWMAIN
                                 REL ROMDATA 00F6F2 000000       EVENTNEW
                                 REL ROMDATA 00F6F2 00005F       INITRAM
rom_FE                           ABS ROMDATA 0C0000 000000       NCRT0
                                 REL ROMDATA 0C0000 00003C       MB_SHOWMAIN
                                 REL ROMDATA 0C003C 0001E8       EVENTNEW
                                 REL ROMDATA 0C0224 00F012       645DATA
                                 REL ROMDATA 0CF236 0000D0       FAR_PAY
                                 REL ROMDATA 0CF306 00015A       PAY_FOR_FUN
rom_FO                           REL ROMDATA 0CF460 000000       NCRT0
                                 REL ROMDATA 0CF460 000005       MB_SHOWMAIN
                                 REL ROMDATA 0CF465 000840       EVENTNEW
                                 REL ROMDATA 0CFCA5 000182       645DATA
                                 REL ROMDATA 0CFE27 00007A       FAR_PAY
                                 REL ROMDATA 0CFEA1 00004B       ICCARD
                                 REL ROMDATA 0CFEEC 0000AA       PAY_FOR_FUN
data_SEI                         REL ROMDATA 0CFF96 000000       NCRT0
data_SOI                         REL ROMDATA 0CFF96 000000       NCRT0
data_NEI                         REL ROMDATA 0CFF96 000000       NCRT0
                                 REL ROMDATA 0CFF96 000404       MAIN
                                 REL ROMDATA 0D039A 000004       MB_KEYMAIN
                                 REL ROMDATA 0D039E 00001A       MB_SHOWMAIN
                                 REL ROMDATA 0D03B8 000010       COMM
                                 REL ROMDATA 0D03C8 000020       EVENTNEW
                                 REL ROMDATA 0D03E8 000002       645_2007
                                 REL ROMDATA 0D03EA 00000C       FAR_PAY
                                 REL ROMDATA 0D03F6 000014       ICCARD
                                 REL ROMDATA 0D040A 00000A       PAY_FOR_FUN
                                 REL ROMDATA 0D0414 000010       MALLOC
                                 REL ROMDATA 0D0424 000002       ERRNO
data_NOI                         REL ROMDATA 0D0426 000000       NCRT0
                                 REL ROMDATA 0D0426 00000A       MAIN
                                 REL ROMDATA 0D0430 000002       DEMAND
                                 REL ROMDATA 0D0432 00000A       EVENTNEW
                                 REL ROMDATA 0D043C 000004       INTERRUPT
                                 REL ROMDATA 0D0440 000001       MULTI
                                 REL ROMDATA 0D0441 000001       FAR_PAY
                                 REL ROMDATA 0D0442 000009       ICCARD
                                 REL ROMDATA 0D044B 000004       PAY_FOR_FUN
data_FEI                         REL ROMDATA 0D044F 000000       NCRT0
data_FOI                         REL ROMDATA 0D044F 000000       NCRT0
switch_table                     REL ROMDATA 0D044F 000000       NCRT0
interrupt                        REL CODE    0D044F 000000       NCRT0
                                 REL CODE    0D044F 000124       NCRT0
program                          REL CODE    0D0573 000000       NCRT0
                                 REL CODE    0D0574 000383 2     MAIN
                                 REL CODE    0D08F8 0001A9 2     ALLVOLTAGELOSS
                                 REL CODE    0D0AA2 0007D3 2     DEMAND
                                 REL CODE    0D1276 00011F 2     HT_1623
                                 REL CODE    0D1396 000C53 2     I2C_OPERATION
                                 REL CODE    0D1FEA 000055 2     INIT_PROGRAM_LDH
                                 REL CODE    0D2040 0008EA 2     LOADRECORD
                                 REL CODE    0D292A 001788 2     LOADRECORD
                                 REL CODE    0D40B2 0022AF 2     MB_KEYMAIN
                                 REL CODE    0D6362 002815 2     MB_SHOWMAIN
                                 REL CODE    0D8B78 005124 2     COMM
                                 REL CODE    0DDC9C 001CC8 2     COMM
                                 REL CODE    0DF964 008C64 2     EVENTNEW
                                 REL CODE    0E85C8 0002B7 2     INITCPU
                                 REL CODE    0E8880 001A2C 2     INITRAM
                                 REL CODE    0EA2AC 000DB4 2     INTERRUPT
                                 REL CODE    0EB060 0013F9 2     MULTI
                                 REL CODE    0EC45A 00030A 2     SEG
                                 REL CODE    0EC764 00025C 2     POWERDOWN_LDH
                                 REL CODE    0EC9C0 0007E4 2     ATT7022_OPERATION
                                 REL CODE    0ED1A4 0003A4 2     CAL24C02
                                 REL CODE    0ED548 002190 2     645_2007
                                 REL CODE    0EF6D8 00058B 2     FREEZE
                                 REL CODE    0EFC64 0003D5 2     FILE_SYSTEM
                                 REL CODE    0F003A 0002AC 2     TDK71M6515_CAL
                                 REL CODE    0F02E6 000F32 2     TDK71M6515_CAL
                                 REL CODE    0F1218 000438 2     TDK71M6515_CAL
                                 REL CODE    0F1650 0023CF 2     TDK71M6515_CAL
                                 REL CODE    0F3A20 0010CA 2     CPUCARD_DRIVER
                                 REL CODE    0F4AEA 0016F8 2     FAR_PAY
                                 REL CODE    0F61E2 001D92 2     ICCARD
                                 REL CODE    0F7F74 0023E8 2     PAY_FOR_FUN
                                 REL CODE    0FA35C 00038C 2     CARD_DATA
                                 REL CODE    0FA6E8 0000B9 2     WIRELESS
                                 REL CODE    0FA7A2 0005FD 2     _F4ADD
                                 REL CODE    0FADA0 0001EB 2     _F4DIV
                                 REL CODE    0FAF8C 000081 2     _F4GE
                                 REL CODE    0FB00E 000081 2     _F4GT
                                 REL CODE    0FB090 000081 2     _F4LE
                                 REL CODE    0FB112 000081 2     _F4LT
                                 REL CODE    0FB194 000199 2     _F4MUL
                                 REL CODE    0FB32E 00005C 2     _F4NE
                                 REL CODE    0FB38A 00001B 2     _F4SUB
                                 REL CODE    0FB3A6 000086 2     _F4TOF8
                                 REL CODE    0FB42C 000025 2     _F4TOI4U
                                 REL CODE    0FB452 00090B 2     _F8ADD
                                 REL CODE    0FBD5E 0002CB 2     _F8DIV
                                 REL CODE    0FC02A 0000A7 2     _F8GE
                                 REL CODE    0FC0D2 0000A7 2     _F8GT
                                 REL CODE    0FC17A 0000A7 2     _F8LE
                                 REL CODE    0FC222 0000A7 2     _F8LT
                                 REL CODE    0FC2CA 000054 2     _F8LTOR
                                 REL CODE    0FC31E 0002C7 2     _F8MUL
                                 REL CODE    0FC5E6 00007C 2     _F8NE
                                 REL CODE    0FC662 000028 2     _F8SUB
                                 REL CODE    0FC68A 0000B3 2     _F8TOF4
                                 REL CODE    0FC73E 000025 2     _F8TOI4
                                 REL CODE    0FC764 000025 2     _F8TOI4U
                                 REL CODE    0FC78A 00002B 2     _F8TOI8
                                 REL CODE    0FC7B6 000111 2     _FTOL
                                 REL CODE    0FC8C8 000223 2     _FTOLL
                                 REL CODE    0FCAEC 000083 2     _I4DIV
                                 REL CODE    0FCB70 00004D 2     _I4DIVU
                                 REL CODE    0FCBBE 00004B 2     _I4MODU
                                 REL CODE    0FCC0A 00001C 2     _I4MULU
                                 REL CODE    0FCC26 000022 2     _I4TOF8
                                 REL CODE    0FCC48 000022 2     _I4UTOF4
                                 REL CODE    0FCC6A 000022 2     _I4UTOF8
                                 REL CODE    0FCC8C 00014C 2     _I8DIV
                                 REL CODE    0FCDD8 0000F8 2     _I8DIVU
                                 REL CODE    0FCED0 00011F 2     _I8MOD
                                 REL CODE    0FCFF0 0000CF 2     _I8MODU
                                 REL CODE    0FD0C0 0001D6 2     _I8MULU
                                 REL CODE    0FD296 000029 2     _I8TOF4
                                 REL CODE    0FD2C0 0001E6 2     _LLTOF
                                 REL CODE    0FD4A6 0000D4 2     _LTOF
                                 REL CODE    0FD57A 000035 2     BCOPY
                                 REL CODE    0FD5B0 000028 2     BZERO
                                 REL CODE    0FD5D8 00054D 2     MALLOC
                                 REL CODE    0FDB26 000044 2     MEMCPY
                                 REL CODE    0FDB6A 000034 2     MEMSET
                                 REL CODE    0FDB9E 0001F8 2     SQRT
                                 REL CODE    0FDD96 000046 2     _F4LTOR
                                 REL CODE    0FDDDC 00003E 2     _F4RTOL
                                 REL CODE    0FDE1A 00007C 2     _F8EQ
                                 REL CODE    0FDE96 000041 2     _F8RTOL
                                 REL CODE    0FDED8 000B83 2     MB_BASE_FUN
                                 REL CODE    0FEA5C 001008 2     DL_645_DATACHANGE
program_S                        REL CODE    0FFA64 000000       NCRT0
vector                           ABS CODE    0FFF1A 0000C0       NCRT0
fvector                          ABS CODE    0FFFDC 000024       NCRT0
# Total -------------------------------------------------------------------
                                     DATA           004820(0018464) Byte(s)
                                     ROMDATA        010BA0(0068512) Byte(s)
                                     CODE           02F6F9(0194297) Byte(s)

##########################################
# (3) GLOBAL LABEL INFORMATION           #
##########################################
$ACKToHex          0fe942  $ALL_TotalEnergy   0e90c4  $Add_Addr          0d3828
$AdjustMeterEven   0e61d4  $AdjustTimeOverT   0e73e8  $AnswerComComman   0d99c6
$AppointTrasfPor   0d8b78  $Ascll_Bcd         0d7a96  $BCD2Byte          0fe8f2
$BcdToHex          0fe722  $BcdToHexnByte     0fe36a  $BroadcastJustTi   0dc1c4
$Buzzer_Pay_Cort   0f8014  $Byte2BCD          0fe830  $CALC_CS           0e95fe
$CPU_CLK_Control   0f3a64  $CPU_Counter_Dec   0f48f4  $CPU_ESAM_CARD_C   0f3ac8
$CPU_RST_Control   0f3a78  $CPU_VCC_Control   0f3a50  $Caarr             0ddddc
$CalDay            0dd554  $CalSendDataLeng   0dda92  $CalSendLaterDat   0ddc9c
$CalWeek           0ff98c  $Cal_Add_CS        0f7f60  $Cal_Cs            0db7ae
$CalculateHour     0e97ee  $Calculate_20000   0f9ed6  $Calculate_Add_C   0f97bc
$Calculate_Time    0f9dc8  $CarryConfirm      0f7728  $Change_SortAddr   0d38b2
$CharBCDBIN        0fa046  $CheckBCD          0fdf24  $CheckBCD_NByte    0fdf50
$CheckChange       0eb9d2  $CheckEnergyPowe   0e9578  $CheckPasswoerEr   0dc4ae
$CheckPasswordPr   0ddeb2  $CheckPasswordRi   0dde60  $CheckTime         0fdf76
$Check_Billdate_   0eb3f6  $Check_Clear_Res   0dce42  $Check_Data_vali   0ef4bc
$Check_Event_Sho   0d62ba  $Check_Parameter   0df7ce  $Check_Show_Flas   0d5f32
$Check_Unit_Vali   0febda  $ClearDemandArea   0d103a  $ClearDemandComm   0dca3a
$ClearDemand_New   0dc8c6  $ClearEvent_New    0dc95c  $ClearMeter_New    0dcc66
$Clear_Min_Energ   0d0aec  $Clear_PasswordE   0dd976  $Clear_SignalPha   0e2a1c
$ComTime           0dd59a  $Communication     0d8bbc  $CompareBytes      0fe8b6
$Compare_6515Rea   0f020a  $Compare_6515Wri   0f0258  $ComposeRecord     0d26ba
$ComposeRecord1    0d2200  $ComposeRecord2    0d22a6  $ComposeRecord3    0d23c8
$ComposeRecord4    0d2402  $ComposeRecord5    0d241a  $ComposeRecord6    0d2446
$Copy_AmpHour_TO   0e852a  $Copy_ENERGY_FF_   0e8502  $Copy_ENERGY_TO_   0e83a6
$Copy_ENERGY_TO_   0e83ea  $Cover_Addr_Find   0d3f02  $Cpu_File_Updata   0f481a
$Crc16l            0df8cc  $Data_Dec_0X33     0f5dce  $DealPulseConst    0f1dd0
$DealWithJustTim   0dc424  $Deal_Buy_Para_I   0fa510  $Deal_Init_Para_   0fa578
$Deal_Para_Table   0fa3d4  $Deal_Para_Table   0fa3d6  $Deal_Para_Table   0fa406
$Deal_Para_Table   0fa4d6  $Deal_Para_Table   0fa3d4  $Deal_Para_Table   0fa3d4
$Deal_Run_Inf_Da   0fa5b2  $Deal_Set_Para_I   0fa54c  $Deal_Triff_Data   0fa35c
$Delay             0dd92e  $Delay1            0f091a  $Delay_104us       0f3a20
$Delay_Wait        0f093c  $Delete_File       0eff3c  $DemandCompare     0d0ed6
$Demand_Add_Accu   0d1184  $Demand_Energy_D   0d1040  $Demand_Last_Ave   0d0dc6
$Demand_time_Del   0d10d8  $ESAM_CLK_Contro   0f3aa0  $ESAM_RST_Contro   0f3ab4
$ESAM_VCC_Contro   0f3a8c  $Eeprom_math       0ef220  $Eeprom_math_Add   0ef36a
$Eeprom_math_Dem   0ef290  $Energy_Compare    0eae0a  $Esam_File_Updat   0f471c
$Esam_Remain_Mon   0f455c  $Esam_Safe_Passw   0f4924  $External_Auth     0f3ebc
$F_Ar              0d99ae  $Far_Control       0f4c40  $Far_Deal_070000   0f52e2
$Far_Deal_070001   0f539e  $Far_Deal_070002   0f5410  $Far_Deal_070002   0f54da
$Far_Deal_070101   0f54de  $Far_Deal_070102   0f562a  $Far_Deal_070201   0f58ac
$Far_Deal_070202   0f58b6  $Far_Deal_070203   0f58c0  $Far_Deal_070204   0f58ca
$Far_Deal_078001   0f50b8  $Far_Deal_078102   0f51f0  $Far_Deal_078102   0f52de
$Far_Deal_Contro   0f5e64  $Far_Deal_Order_   0f58d4  $Far_Deal_Para_T   0f5a5a
$Far_Deal_Para_T   0f5b7e  $Far_Esamcard_In   0f4e7e  $Far_PassWord_Up   0f578a
$Far_Password_Ch   0f5de2  $Far_Prepayment_   0f4b16  $Far_Read_Esam     0f4f34
$Far_Switch_Cont   0f6016  $Far_TransferDat   0f4e02  $Far_Write_Esam    0f4fb8
$FindComCommand    0d9282  $FindRecord        0d29be  $FindSlot          0ec568
$Find_Addr_Recor   0d3648  $Find_Data_Recor   0d3674  $Find_First_Reco   0d3552
$Find_Last_Recor   0d353a  $Find_Near_Recor   0d361e  $Find_Next_Recor   0d34e0
$Find_T1_Para      0f59b4  $Flash_math        0eef3e  $Flash_math_Add    0ef0c8
$Flash_math_Dema   0eefb8  $FormatBCD         0fe862  $Frame_Judge       0f7df8
$FreezeDateProgr   0ef8dc  $Freeze_Command_   0ddfac  $Fs_Protect        0effe2
$GetRecordAddr     0dd53e  $GetRecordLength   0d292a  $Get_Cali_Parame   0f1fa2
$Get_Cali_Parame   0f1f84  $Get_Card_Type     0f7526  $Get_Event_Data    0f9352
$Get_File_Data     0f46d0  $Get_Leaf_Data     0ee0b6  $Get_Next_Record   0d344e
$Get_Quadrant_Va   0f1a6a  $Get_SortAddr      0d39fa  $Get_SortAddr1     0d3c48
$Get_TotalAddr     0d3918  $HT1623_SEND_A_C   0d12c8  $HT1623_SEND_DAT   0d1340
$HT1623_WRITE_MO   0d12fe  $HexToACK          0fe936  $HexToBcd          0fe56e
$HexToBcdnByte     0fe0d2  $I2C_Poll_ACK      0d1d4e  $I2C_Receive       0d1bd0
$I2C_Restart       0d1cbc  $I2C_Send_ACK      0d1dc6  $I2C_Send_NACK     0d1df6
$I2C_Start         0d1c5c  $I2C_Stop          0d1d00  $I2C_Transmit      0d1b5c
$I2C_Transmit_Ca   0ed374  $I2C_Transmit_N_   0d1a2c  $IIC_Delay         0d1e68
$IIC_Delay_Cal     0ed50e  $IR_keydown        0d5846  $Init_CheckNode    0eff64
$Init_Comm         0d8f08  $Init_DealNode     0effaa  $Internal_Auth     0f3e80
$Interr_Comm_R     0d9098  $Interr_Comm_W     0d9154  $IsLeapYear        0ff976
$IsNewEepromOrFl   0e897e  $IsNormalReset     0e961a  $Judge_User_Card   0f690c
$JustMeter         0dc0ea  $LCDREAD           0d5b2c  $LoadToBuffer      0d2884
$LostVoltEnergyA   0e7a6e  $Minute_Power      0d371e  $My_Memcmp         0f3d64
$My_Memcpy         0f3d38  $My_Memcpy_Dec_0   0f4aea  $My_memcpyRev      0f752e
$NeedToRecord      0d219a  $Next_Period       0d0d82  $OB_H              0fded8
$OH_B              0fdef8  $On_KeyClick_For   0d4852  $On_KeyClick_For   0d48e8
$On_KeyClick_For   0d49e6  $On_KeyClick_For   0d4c1a  $On_KeyClick_For   0d5e44
$Output_On_3_In_   0ececc  $Page_equal        0d3e58  $PassWord_Updata   0f4a04
$Pay_EE_W          0f9c7c  $PowerUp_Init_RT   0e9a5e  $Pre_Display       0f6370
$PrepareCommunic   0d2d7c  $Prepare_CRC_Che   0f97de  $Prepare_for_Rea   0d1aa2
$Prepay_Overpowe   0ecfac  $PreprocessClear   0dcbe2  $ProgBillDayReco   0e450c
$Ram_math          0eeca8  $Ram_math_Add      0eed0c  $Ram_math_Demand   0eee64
$Read              0f3f32  $ReadAddress_New   0dc53a  $ReadAndCheck_TD   0f39a2
$ReadBlock         0e8d7a  $ReadBuffCob       0d2106  $ReadBuffer        0d2122
$ReadData          0db7d8  $ReadData_New      0db950  $ReadLC256         0dd4de
$Read_Clear_Eg     0f39e2  $Read_Date_And_T   0d1592  $Read_Esam_Money   0f4480
$Read_File         0efec6  $Read_Freezedata   0de230  $Read_Last_loss_   0de42c
$Read_SystemTime   0de192  $Read_TDK71M6515   0f003a  $Read_Temperatur   0d1edc
$RecordRectifyEn   0e91da  $Relay_Deal        0f85c4  $Relay_Driver      0f8054
$Remain_Money_De   0f8664  $Remain_Money_Du   0f88e2  $Remain_Money_Mo   0f45f2
$Remain_Money_Mo   0f438e  $Remain_Money_Mo   0f42cc  $Retort_New        0e9788
$Reverse_data      0f7552  $Revise_Addr       0ef4da  $Run_Triff_Switc   0fa058
$SHOW_ABC_SEG      0d5ba2  $SaveBuffer        0d27c4  $SaveFlash_CurrI   0e7080
$SaveFlash_LostC   0e30ba  $SaveFlash_LostV   0e15b2  $SaveFlash_VoltR   0e3ad2
$SaveIndex         0d2cb0  $SaveLostVoltTim   0e7a30  $Save_CurrImBala   0e66ce
$Save_CurrImBala   0e674c  $Save_CurrImBala   0e6882  $Save_CurrImBala   0df97c
$Save_EventTimes   0e8376  $Save_EventTimes   0e8344  $Save_LostCurrBe   0e2a5a
$Save_LostCurrEn   0e2b3a  $Save_LostCurrPd   0e2c66  $Save_LostVoltBe   0e125a
$Save_LostVoltPd   0e149a  $Save_LostVoltag   0e1350  $Save_OverPaNeAD   0df9b8
$Save_ProgrammeE   0df964  $Save_SignalPhas   0e29dc  $Save_SortIndex    0d3f6e
$Save_VoltImBala   0df99a  $Save_VoltRevers   0e36da  $Save_VoltRevers   0e3746
$Save_VoltRevers   0e3872  $Search_Event_Ab   0d5d3e  $Search_Protocol   0ed6cc
$Search_node       0ed766  $Select_File       0f3ef6  $Send_1Byte        0f3b42
$Send_Pulse_Cons   0f1ef6  $SetNewFlag        0e8a20  $Set_Leaf_Data     0ee6f0
$Set_Mode          0dea3a  $Set_Multi_Funct   0de0fe  $Set_Period        0de9a4
$Set_show_code_l   0d5042  $Set_which_Respo   0dcf6c  $Show_Char_Main    0d823c
$Show_Err_Type     0d5bca  $Show_Initialize   0d81f8  $Show_Main         0d6362
$SpecialTimeWR     0d9e14  $Switch_Plus_Sta   0f812c  $TDK71M6515_Hard   0f0f8e
$TimeIndex         0ff8b4  $TimeToLong        0ff722  $TotalEnergyRigh   0e9010
$TransferData      0d9fec  $TransferData_Ne   0ed548  $TransferLostVDa   0d9e38
$Traverse_Node     0ede58  $Traverse_Node_s   0eda4e  $Updata_Esam_Ret   0f7f04
$Updating_Energy   0f1cca  $Updating_Source   0f1d2e  $WR_Check_Cal24C   0f3932
$Wait_Receive      0f3ccc  $WhichEnergyMore   0e90e8  $Write             0f3f6e
$WriteAddress_Ne   0dc5ba  $WriteBaud_New     0dc674  $WriteBuffer       0d2040
$WriteData         0dbd0e  $WriteData_New     0dbe4e  $WriteLC256        0dd4e0
$WritePassword_N   0dc71a  $Write_Date_AndO   0d14f6  $Write_FM24C256_   0d19e6
$Write_File        0efd06  $Write_Read_Cal2   0ed410  $Write_Read_FM24   0d168a
$Write_TDK71M651   0f011a  $Write_TO_Cal_Po   0e8910  $_f4ltor           0fdd96
$_f4rtol           0fdddc  $_f8ltor           0fc2ca  $_f8rtol           0fde96
$_ftol             0fc7b6  $_ftoll            0fc8c8  $_lltof            0fd2c0
$_ltof             0fd4a6  $bcd_un_zip        0d7b1a  $buy_money_event   0f7582
$calloc            0fd5d8  $check_node_poin   0ed750  $clear_show_ram    0d81ca
$conver_char       0d7cce  $conver_data0      0d7b94  $conver_data1      0d7c18
$cursor_flash      0d8194  $data_change       0ff748  $dayer_acu         0f9fee
$displayCharOnOf   0d842e  $displayCharTime   0d8528  $displayReadCard   0d8368
$exchange          0fecfe  $exchange_data     0d7b70  $exit              0d0570
$far_close_event   0f7694  $far_conrol_even   0f7616  $getCardErrConve   0f7dcc
$get_leaf_cyc_pa   0ef5d4  $getmem            0fd714  $lcd_special_cor   0d8160
$lcd_special_sho   0d811a  $long_to_bcd       0d7b52  $lxrBcd_Hex        0f9f5e
$malloc            0fd64e  $memcpy            0fe94e  $memset            0fdb6a
$push_zip_info     0ef6a4  $realloc           0fd6a0  $reconver_char     0d7daa
$rlsmem            0fd886  $scankey           0d484c  $search_leaf       0ee036
$search_unit       0fe4f6  $set_zip_id        0ef674  $show_on_lcd       0d7dd0
$show_on_lcd_onl   0d8106  $sizeof_format     0fea5c  $ten_seq           0fe05e
$tr_show_wait      0d8222  $transf_from_BCD   0ff37e  $transf_from_dem   0ff842
$transf_from_hex   0fed2c  $transf_from_tim   0ff52c  $triff_modify_ev   0f75b0
_ABS               0fe040  _AND_Bit_ACK       00f010  _AND_Bit_SDA       00f018
_AND_Bit_Value     00f008  _Abnormal_Die_Di   0d5042  _Abnormal_Show_M   004440
_Active_power      0008d4  _Active_power_Pe   000800  _Activepower_Dir   0f39ca
_AddTime           0eaf94  _Add_Money_Card    0f746a  _AdjustTimeRecor   0e41e4
_Alarm_Demand_Se   002a98  _Alarm_Event_for   0cf306  _Alarm_Event_for   0cf30c
_Alarm_Imf_Flag    0036b4  _Alarm_Map_Flag    0036b1  _Alarm_Terminal_   002a94
_AllVoltageLoss_   0d09e2  _AllVoltageLoss_   0d0900  _AllVoltageLoss_   0036de
_AllVoltageLoss_   0d08f8  _AllVoltageLoss_   001cbe  _AllVoltageLoss_   0d097a
_BK_Energy_Addr    0044c8  _BUF11             0044fd  _BUF12             0044fc
_BUF13             0044fb  _BUF14             0044fa  _BUF15             0044f9
_BUF16             0044f8  _BackUpEnergyToR   0eb45a  _BackupDataToEep   0eb334
_Battery_Check     0eb708  _Bill_Energy       0e96dc  _Bill_New          0eb3ba
_BreakPhaseEvent   0e3182  _Buy_Card          0f6a5a  _Buy_Event         0cfeec
_Buy_Event_forma   0cf310  _Buy_ID            004612  _Buzzer_Active     0f7f86
_Buzzer_Alarm_Co   004616  _Buzzer_Alarm_Co   004617  _Buzzer_Alarm_SW   004615
_Buzzer_Control_   00461f  _Buzzer_Control_   0033ca  _Buzzer_Cortrol_   00461e
_Buzzer_Init       0f7f74  _Buzzer_Second_A   0f7f7c  _CARD_ERR_INF      0cfea1
_CLEAREVENTOBIS    00f092  _COMM_Active_pow   00261c  _COMM_Curr         002600
_COMM_Factor       00260c  _COMM_Reactive_p   00262c  _COMM_Visual_pow   00263c
_CPU_Card_Driver   0f41c2  _CYCLEDISPLAYTAB   0020ae  _Cal24C02_WP_Ope   0ed360
_Cal24C02_WP_Ope   0ed356  _CalPowerDownEne   0ead8a  _Cal_Com_Process   0f095c
_Cal_EnergyLimit   0ec05e  _Cal_Parameter_C   0f0e4c  _Cal_PowerDown_E   0013d8
_Calculate_Arcco   0f24f0  _Calculate_Time_   0f9d6a  _CardProgrammeEv   0f7d4e
_Card_Alarm_Swit   0f903e  _Card_Judge        0f66bc  _Card_Operate      0f67a6
_Card_Type         0033fa  _Card_WR_Buff      002e7c  _Card_pull_out     0f751c
_ChangeBand        00447a  _Change_Far        00447b  _CheckEeprom       0e86ea
_CheckEnergyPass   0ebba0  _CheckPowerDown    0eb20e  _CheckPowerDownD   0eab26
_CheckPowerDownS   0e9530  _CheckProgramKey   0dbc0e  _CheckRamTime      0eb498
_CheckState        0ebc16  _CheckState_New6   0ebe2c  _CheckWorkRoomSt   0ddf02
_Check_CPU_Occur   0f3a36  _Check_Can_Justt   0dc34e  _Check_Card        0f6d40
_Check_Clear_Dem   0dc8c2  _Check_Clear_Eve   0dc932  _Check_If_Clear_   0ec068
_Check_If_Writti   0f1f5e  _Check_New         0e9870  _Check_Node_ID     0ed81c
_Check_PD_Curr_V   0d0958  _Check_Para_Def    0ea230  _Check_TDK71M651   0f0dfc
_Check_Voltage_D   0dfb28  _Check_Voltage_T   0ed010  _ChenkPasserword   00447c
_Clase_Length      00f038  _ClearClearEvent   0e527a  _ClearClockBatte   0ec138
_ClearDatePoerDo   0ea9fc  _ClearDemandReco   0e4248  _ClearEventRecor   0e4352
_ClearEvent_Leaf   0cf465  _ClearMeterRecor   0e1dae  _ClearNewEventRe   0e4d38
_ClearOverPowerA   0e51d2  _ClearPaymentEve   0f90da  _Clear_All_New     0dccde
_Clear_Cal_Param   0f0d22  _Clear_Demand_Mo   004496  _Clear_Erengy      0dcd42
_Clear_Freeze      0efad0  _Clear_all_oper_   000822  _Clear_demand_op   00082e
_Clear_event_ope   000826  _Clearevent_ID     0c003c  _ClockBatteryCle   0044d8
_ClockBatteryCle   002a74  _ClockBatteryDis   0e6024  _Close_Back_Ligh   0eb96c
_Co                000400  _CommB             002144  _CommBP            0023f6
_CommHead          004471  _CommPoint         004477  _CommReal          004474
_Comm_DailyOrYea   004490  _Comm_DailyProg_   0025ce  _Comm_Data_valid   0044e9
_Comm_Display_Ol   00241e  _Comm_Firrespon_   0025d6  _Comm_Firrespon_   004491
_Comm_Initialize   0df62e  _Comm_Rebuild_FL   0df7b6  _Comm_Staut        002ad0
_Comm_YearProg_o   0025d2  _CommunicationPo   0045bb  _Compare_EepromT   0f0e28
_Cos_Cal           0f2c36  _Cpu_Card_IO_Ini   0f3cb8  _Cpu_Card_IO_Pow   0f3c6e
_Cpu_Card_IO_Res   0f3cc2  _Cpu_PowOff        0f3ba8  _Cpu_Reset_Cool    0f3bb8
_Cpu_Reset_Warm    0f3bda  _Cpucard_Atr       0f3d9e  _Cpucard_Esamcar   0f3faa
_Cpucard_Externa   0f406c  _Cpucard_Serial_   0f3ae4  _Curr              0008b8
_CurrPC            0023f8  _CurrReverseEven   0e7e4a  _CurrVoltImBalan   0e69e6
_Curr_Money        0033b2  _Curr_OK           003797  _Curr_RD_flag      003796
_Curr_Step_Triff   00461d  _Curr_Time         0033c6  _Curr_Valid_flag   003795
_CurrentImbalanc   0013c0  _Current_Demand    001de6  _Current_down_li   00f546
_Current_thresho   00f596  _Current_zero      00f56e  _Currtemp          002ba4
_Cycledisp_A_eea   0d5042  _Dat_Num           004431  _Data_ID_Offset    0cfe9c
_Deal_IIC_Busy     0ed51c  _Deal_PulseConst   0f1e22  _DemandOutPutfla   0033e7
_DemandPowerUpRe   0eb178  _DemandPowerUpSh   0eb0ec  _Demand_Accumula   0d1208
_Demand_Data_New   003798  _Demand_Div        0d0bb2  _Demand_New_Init   0d0b26
_Demand_New_Main   0d0c52  _Demand_Sum        001dee  _Demand_Triff_Ch   0d0d28
_DemandputoutNum   0033e6  _Dir_Return_Flag   0045cd  _Disable_INT1      0d1fea
_Disable_INT3      0d200a  _Disable_INT5      0d202e  _Disp_Char_Clear   0d8b60
_DisplayInEeprom   00f6f2  _DisplayInEeprom   00f226  _Dispose_Data_Re   0f11ee
_Dispose_IO_for_   0ec90c  _Dispose_Interru   0ec88a  _Drop_Key_Initia   0d525e
_Drop_Key_Main     0d5044  _EEpromErrNum      002926  _EXPLEN            0cf461
_EepromErrorReco   0e6620  _EepromEventSetD   0e7138  _Eeprom_Flag       0044c7
_Enable_INT1       0d1ff4  _Enable_INT3       0d2014  _Enable_INT5       0d203a
_Enable_Serial_R   0f3b14  _Enable_Serial_S   0f3b4e  _EnergyAutoRecti   0e92ba
_EnergyAutoRecti   0e93a0  _EnergyPassZeroR   0e668a  _Energy_Accumula   0f1ae6
_Enery_Increment   002b48  _Enter_Dorp_Show   0d5482  _ErrEnergyNumber   0044d7
_Err_Back_Energy   0044df  _Err_Code          00446e  _Err_Enery         000874
_Err_Infor1_New    002142  _Esam_Err_Count    0045bd  _Esam_Far_Identi   002e2a
_Esam_PowOff       0f3be6  _Esam_Remain_Mon   0f44dc  _Esam_Reset_Cool   0f3bf6
_Esam_Reset_Warm   0f3c18  _Esamcard_Atr      0f3e22  _Esamcard_Extern   0f411e
_EventCriticalVo   0033e9  _EventDataValid_   0033ec  _EventData_Power   0dfdd8
_EventData_Power   0dfe6a  _EventEnergyVali   0033e8  _EventIb           00083a
_EventRecordAdju   0dfda8  _EventRecord_Pow   0dfef8  _EventTimeAdd      0df9cc
_EventUn           000836  _EventVoltageRev   0033eb  _Event_Abnormal_   0d5d1a
_Event_AmpHour     002662  _Event_B           0028ec  _Event_Data        002a80
_Event_Meter_Pro   003405  _Event_Meter_Pro   000caa  _Event_N           0028ae
_Event_Num         0044e0  _Event_Power_Net   000b98  _Event_Power_Net   000ba0
_Event_Power_Net   000bde  _Event_Power_Net   000d1c  _Event_S           0028f4
_Event_Time        002a82  _Event_Time_Flag   0036b0  _Event_To_Gprs     0ec1ac
_Event_abnormal    00443f  _Event_show_cnt    00444d  _Exit_Normal_Sho   0d5476
_Exit_WorkRoomSt   0df5cc  _FILE_DATE         0cf462  _FM24C256_WP_Ope   0d1e4c
_FM24C256_WP_Ope   0d1e36  _FRE_CONST_P       002b46  _FRE_CONST_Q       002b44
_Factor            0008c4  _FailCurrentEven   0e805a  _Fail_abnormal     00443e
_Fail_show_cnt     00444c  _Fail_show_time    002114  _Failure_Abnorma   0d5c28
_FarCloseTime      00085c  _FarOpenTime       000858  _Far_645_Frame_F   0cfe27
_Far_Buy_Money_D   002e36  _Far_Comm_Init_N   0045bc  _Far_Copy_Read_D   002e2c
_Far_Copy_Read_D   002e30  _Far_Deal_Para_L   0cf236  _Far_Deal_Para_L   0cf2a6
_Far_Identity_Au   002e02  _Far_Identity_Au   0045bf  _Far_Identity_Au   002e26
_Far_Init_Esam     0f4e66  _Far_OFF_Event     0cff06  _Far_On_Event      0cfef9
_Far_On_Event_fo   0cf322  _Far_Open_Switch   0033f7  _Far_Open_Switch   000854
_Far_Security_Au   002e34  _Far_Spec_Order_   0045c0  _FeedWatchdog      0eb204
_FindTriff         0eb43c  _Find_Do_Money_B   0f6178  _Find_Step_Curr_   0f8bf4
_Find_Step_Curr_   0f8a7e  _FirstInterPower   0033f2  _First_InitLoadR   0d36ba
_Flash_Led_Panne   0ecd62  _Free_List_Rebui   0effde  _Freeze_Day        0efa7a
_Freeze_Flag_Day   00264c  _Freeze_Main       0ef6d8  _Freeze_Period     0ef750
_Freq              000890  _Fs_Buff           001e6a  _Fs_Index_Len      002aec
_Fs_Init           0efc64  _Fs_variable       002af0  _Full_show_time    00208e
_Full_show_time_   002092  _Function_TDK71M   0f02e6  _GPRS_Event_OldS   002658
_GPRS_Event_Stat   00264e  _GPRS_Signal_Ste   0fa6e8  _GPRS_Status       004495
_GPRS_Status_Tim   0033cc  _GetNowTime        0dd4e2  _GetTimeCount      0dd4ec
_Get_Current_Dem   0d110e  _Get_Current_Tri   0f7bba  _Get_Demand_Data   0d0aa2
_Get_Energy_Flag   0f777a  _Get_Event_Data_   0f93c4  _Get_GPRS_State    0fa790
_Get_Max_Value     0f1d6c  _Get_Meter_ID      0f7b4c  _Get_Money_Flag    0f7768
_Get_Nega_Money    0f77e8  _Get_Payment_Fla   0f7756  _Get_Plus_Money    0f778c
_Get_Pre_MeterID   0f7ab0  _Get_Pre_SysID     0f7a84  _Get_Pre_UserD     0f7adc
_Get_Remain_Ener   0f78b6  _Get_Remain_Mone   0f7844  _Get_Setp_Energy   0f7be2
_Get_Setp_Money    0f7c0a  _Goto_Wait_Exit_   0d5354  _HT1623_INIT_IN_   0d1276
_HT1623_INIT_IN_   0d128e  _HT1623_LCD_OFF    0d12b0  _HT1623_LCD_ON     0d12b8
_HT1623_RC_32K     0d12c0  _HT1623_SYS_DIS    0d12a0  _HT1623_SYS_EN     0d12a8
_H_CHK_Time        002a86  _Hour_Freeze_Eve   0cff13  _Hour_Freeze_Eve   0cf33a
_I2C_Check_ACK_C   0ed30e  _I2C_Receive_Cal   0ed3c0  _I2C_Restart_Cal   0ed208
_I2C_Send_ACK_Ca   0ed2ba  _I2C_Send_NACK_C   0ed2e4  _I2C_Start_Cal     0ed1a4
_I2C_Stop_Cal      0ed240  _IC_FLAG           0045d2  _ICcard_Flag1      0045cc
_ICcard_Main       0f61e2  _IR_Buf            0020c4  _IR_Ctrl_flag      00444b
_IR_Set_show_Mai   0d54ac  _IR_Timer          0d580a  _IR_bit_num        00444a
_IR_d_time         0020cc  _IR_interrupts     0d571c  _IR_last_time      0020ca
_IR_timer_counte   0020c8  _Id_code           0c0118  _IniBoad           0e86d6
_IniEeprom         0e86be  _IniMeasure        0e86d8  _IniPdInterrupt    0ea9e0
_IniRam            0e8880  _IniUART           0e86c2  _InitInterrupt     0e8690
_InitLoadRecord    0d340c  _InitMainRegeist   0e865a  _InitPort          0e85c8
_InitSIO4          0d2960  _InitTimeA0        0e8634  _InitTimeA2        0f1e5e
_InitTimeA2_Powe   0e8646  _InitTimeA3        0f1e48  _InitTimeB4        0f1e7e
_InitTimeB5        0f1e92  _Init_DS1375       0d139a  _Init_IR_Ctrl      0d5814
_Init_RTC_Timer    0d1396  _Init_Relation_T   0f1dc0  _Init_TB0          0ec850
_Init_TB1_2        0ec876  _Init_TB3          0ec864  _Initiallize_INT   0d1ffa
_Initiallize_INT   0d201a  _Initrcpps         0e86e0  _Int0_Int          0ea3fc
_Int2_Int          0ea44a  _Inti_Eeprom_Cal   0f0d68  _Inti_En_Reg_TDK   0f11ce
_Inti_TDK71M6515   0f0eb6  _IntoPowerDownFl   0033f3  _Inttupt_Buzzer_   0f7fc6
_Ir_Code_List      00f03e  _Ir_Set_User_Sho   0d5618  _IsChangeBattery   0ec176
_IsHaveSaveData    0e968e  _IsNewEeprom       0e8978  _IsNormalResetWr   0e9674
_Iterate_Tree_Fl   002a9c  _Judge_Remain_Mo   0f6a04  _Judge_Return_Fl   0f3d20
_JustMeterDataFl   004485  _JustMeterDateFl   004487  _JustMeterFlag     004486
_Key_Initialize    0d4156  _Key_Main          0d42da  _LCD_LED_Speaker   0ecdbe
_L_6515_Para_SUM   002b40  _L_CHK_Time        002a8a  _L_PD_Last_T       001cc2
_Laser_Wakeup_In   0ec764  _Last_Average_Va   001cc6  _Lcd_Light_Contr   0f8028
_Lcd_Power_Off     0d81f2  _Lcd_Power_On      0d81ec  _Leaf_num_now      000852
_Light_Back_Led    0eb94a  _Light_Back_Time   002a7c  _Light_Back_Up_F   0044dc
_LoadRecord        0043cd  _Load_Cal_Parame   0f10ac  _Load_Cal_Parame   0f36d2
_LostCurrentEven   0e2d42  _LostVoltageEven   0e0cc4  _MainRamDate1      0033dc
_MainRamDate2      0036be  _MainSoftDate      0036b7  _MaxNeADemand      000846
_MaxPaADemand      000842  _Max_Triff_Curre   0033e3  _Measure           0eb224
_Measure_Deal_Ev   0f02ac  _Meter_Ins_Flag    0045d0  _Meter_Money_And   0f7e4a
_Meter_Para_Chec   0ebe04  _Meter_Parameter   00093c  _Meter_States      00091c
_Meter_Staut_Che   0ebdc2  _Middle_Energy_A   0f17c2  _Middle_Energy_A   0f1dac
_Minute_Copy_Ene   00122e  _Minute_Power_Da   001e22  _Modify_MeterID_   0f7356
_Money_Balance_E   0cff23  _Money_Balance_E   0cff20  _Monitor_Program   0eb7b0
_Month_Day         0cf454  _NEW645Meter_Sta   00092e  _NO_SHOW           00f05e
_N_Current         000918  _N_Current_data_   002be4  _Nei_Relay_Do_En   0033be
_Nei_Relay_Do_Ti   0033c2  _New2007_Event     0dfd1c  _Next_Energy_Ste   0033ae
_No_Ram_EE         004614  _Not_Rong_Year     00f6be  _NowJudge331BBre   0033f1
_NowJudge331BLos   0033f0  _NowSegParameter   002a8e  _O1ther_Meter_Pa   0036c5
_OLD_TRAFF_RATE    0044d6  _OR_Bit_Value      00f000  _On_Key_Click      00210c
_On_Set_key_Clic   002110  _OpenBoxCoverEve   0e484a  _OpenCoverCheck    0eb236
_Open_CHK_ERR_ti   0044e1  _Open_CHK_OK_tim   0044e2  _Open_Close_Swit   0045c1
_Open_Enable_INT   0033f4  _Open_Rail_CHK_O   0044da  _Open_Rail_CHK_O   0044db
_Other_Data        0035cd  _Output_On_3_In_   0ecfea  _OverCurrentEven   0e77b4
_OverDemandAlarm   0e5c00  _OverDemandEvent   0e3b26  _OverFactorEvent   0e7f34
_OverPowerAlarmE   0f7754  _OverPowerAlarmF   00449e  _OverPowerAlarmT   004497
_OverVoltageEven   0e4ad4  _PDFlagRam1        0044b8  _PDIOtest          0ea9de
_PDSavedata        0eaca0  _PD_curr           001cb2  _PD_max_curr       001cba
_P_Flash_Current   00f3f2  _P_Flash_Current   00f65e  _Para_Updata_Fla   0045ce
_Para_Updata_Fla   0045cf  _Parameter_Check   0f1038  _Password_Card     0f7228
_Pay_Check_forma   0cff73  _Pay_Data_All_Cl   0f922e  _Pay_Data_Clear    0f9236
_Pay_Event_Recor   0f92d2  _Pay_Event_Recor   0f8bf4  _Pay_Event_Recor   0f92f4
_Pay_For_Event_D   0f96da  _Pay_For_Event_P   0f9594  _Pay_For_Event_P   00339e
_Pay_For_Para_Do   0f9c14  _Pay_For_Para_In   0f9816  _Pay_For_Para_Re   0f99ea
_Pay_For_Users_F   0033bc  _Pay_For_Users_F   00461c  _Pay_For_Users_F   004619
_Pay_For_Users_F   00461a  _Pay_For_Users_F   00461b  _Pay_For_Users_F   0033ba
_Pay_IO_Init       0f3c24  _Pay_Init_Para     0cf37a  _Pay_Para_Check    0f9940
_Pay_Para_Read_E   004613  _Pay_Real_Flag_U   0f8bf4  _PdEventData       00449f
_PdSaveImBalance   0e695e  _Phase3LostVoltE   0e52dc  _Phase3LostVoltT   0033ea
_Phase_Angle       000908  _Plus_Const        002be0  _Postfix_WriteDa   0de7bc
_PowerDownDealII   0d1e9a  _PowerDownDispla   0eab06  _PowerDownEvent_   0e167a
_PowerDownSaveMa   0e730e  _PowerOff_PCF857   0d1e8e  _PowerOn_PCF8576   0d1e6a
_PowerReverseEve   0e3f0a  _PowerUpClockErr   0e65bc  _PowerUpProcese    0eb060
_Power_Count_Tim   00086c  _Power_Direction   0f1650  _Power_Down_Read   0d092e
_Power_Plus_Numb   000868  _PowerdownDispla   002936  _PowerdownDispla   0044d0
_PowerdownStopCo   0044d1  _PowerdownStopKe   0044d5  _Powerdown_Save_   003428
_Powerdown_TempT   002938  _Powerdown_to_Th   0e8f6e  _Poweron_Event_S   0d6308
_Pre_Bill          0f9332  _Pre_Display_Cha   0f644a  _Pre_Duct_Data_C   0f9326
_Pre_Get_OverZer   0f6680  _Pre_Init          0f62ae  _Pre_No_use_leaf   0de31c
_Pre_Payment_Dat   0045d3  _Pre_Payment_Par   0030d6  _Pre_Power_Down_   0030a4
_Pre_Static_Disp   0f6646  _Pre_Tmp_Buff      00307c  _PrepFirstEventD   0e725a
_PrepFirstEvent_   0cf9c4  _PrepLostVoltEne   0e7af2  _PrepVoltStatRea   0e62b4
_Prepare_for_Wai   0d5362  _Prepare_for_Wai   0ec96e  _Prepare_for_Wak   0d5384
_PrepareforPower   0eabaa  _ProgAEMode_NEMo   0e444e  _ProgDailySlotRe   0e466e
_ProgEventPowerO   0e1cde  _ProgEvent_I       0033ed  _ProgEvent_Man     00083e
_ProgEvent_T       000832  _ProgWeekRecord    0e43d4  _ProgYearSlotRec   0e459a
_ProgramEventDat   00447d  _ProgramEventFla   004484  _ProgramFlag       0028ac
_ProgramKeyTime    0025aa  _ProgramRunPhase   0036ae  _ProgrammeEvent    0e1950
_ProgrammeEventE   0e1be6  _ProgrammeEventE   0e1c6a  _Protocol_Format   0c0582
_Protocol_Functi   0c071c  _Protocol_Id       0cfca5  _Protocol_MATHIN   0cfde6
_Protocol_Purvie   0c0708  _Protocol_Range    0cf1ee  _Protocol_Revise   0c0264
_Protocol_Revise   0c049e  _Protocol_Showin   0cefdc  _Protocol_Tree_L   0c8592
_Protocol_Tree_N   0c0ab8  _Protocol_Tree_R   0c0224  _Pulse_Constant_   0044f3
_Q_Flash_Current   00f686  _R_DelayT_Add      0023fa  _R_To_T_DelayT_A   002412
_R_W_Data          0dcfd6  _RailEnergyValid   0eb474  _Reactive_phase    000904
_Reactive_power    0008e4  _ReadEepromEnerg   0e8e1c  _ReadMeterPara     0e8dac
_ReadRTC           0eb23c  _ReadRTC_Err_Num   0044dd  _ReadRTC_Err_Num   0044de
_Read_Com_ID       002ad2  _Read_Count        00442e  _Read_Curr_Power   0d0a1e
_Read_DailySlot_   0de41c  _Read_Far_IR_Com   0de346  _Read_Freeze_Bit   0de2ec
_Read_Freeze_Bit   0de2f2  _Read_Freeze_Bit   0de2f8  _Read_Freeze_Bit   0de2fe
_Read_Freeze_Bit   0de304  _Read_Freeze_Bit   0de30a  _Read_Freeze_Bit   0de310
_Read_Freeze_Bit   0de316  _Read_Freeze_Dat   0de32c  _Read_Last_loss_   0de586
_Read_Last_loss_   0de580  _Read_Meter_Temp   0de3dc  _Read_Meter_lock   0de34e
_Read_Sign_Insta   0de58c  _Read_SystemTime   0de21c  _Read_SystemTime   0de216
_Read_WorkRoomSt   0de224  _Read_YearSlot_T   0de40c  _Read_event_GPRS   0df912
_Read_event_firs   0044ea  _Readdata_buff     0025ae  _Reamin_Money_ES   002dfe
_Receive_Data_To   0f3b60  _RefreshShow_Key   00444e  _Refresh_Err_Sho   0d632c
_Refresh_EventAb   0d5dcc  _Refresh_FailAbn   0d5d86  _Relay_Alarm_SWi   0033b6
_Relay_Control     0f859e  _Relay_Deal_Init   0f8644  _Relay_TEST_Card   0f7514
_Remain_Money_Al   0f8bf6  _Remain_Money_Ba   002e60  _Remain_Money_Mo   0f4440
_Remain_Money_Mo   0f4460  _Remain_Money_Ne   000864  _Remain_Money_Pl   000860
_Remain_Money_Te   002e64  _ResetCpuEvent_O   0e64b8  _ResetTime         0eb8fc
_Reset_Wireless_   0fa738  _Rong_Year         00f6d8  _RunClockErrorRe   0e6558
_SHOW_POINT        0c0034  _SHOW_UNIT         0c0016  _SaveLoadRecord    0d2484
_Save_Min_Energy   0d0aba  _Seg               0ec45a  _SegDataInEeprom   00f1f6
_SegDataInEeprom   00f20e  _SetDefault        0e8a52  _SetPrimaryRecor   0e70d4
_Set_ActivePulse   0dea72  _Set_Activem_Ere   0dea60  _Set_BILL_Day      0deaa6
_Set_CT            0f791c  _Set_CommAddr      0df21a  _Set_Commrate      0df10e
_Set_CriticalVol   0df20a  _Set_CycleDispla   0df090  _Set_Cycle_Key_D   0df0a4
_Set_DailySlot     0dec7c  _Set_Default_Par   0e9e30  _Set_DemandPerio   0de9e8
_Set_DemandSkipP   0de9ee  _Set_Display_Num   0df05a  _Set_Erengypoint   0de9f4
_Set_Flash_Defau   0ea296  _Set_Freeze_Peri   0df5b8  _Set_Freeze_Peri   0df514
_Set_GPRS_State    0fa774  _Set_GPRS_State_   0fa762  _Set_Holiday       0deeda
_Set_In_Card       0f700c  _Set_JFPG_Triff    0df616  _Set_LoadRecoedB   0def6a
_Set_LoadRecoedP   0df042  _Set_LoadRecoed_   00207a  _Set_MeterMode     0df186
_Set_Meter_ID      0f7b6e  _Set_Meterlockti   0df1f6  _Set_Money_Point   0f7a68
_Set_PT            0f799e  _Set_PayMod2       0f78c0  _Set_PaySwitchDa   0f7c4e
_Set_Pre_UserD     0f7b08  _Set_ProgWeek      0deeb0  _Set_REActivem_E   0dea66
_Set_REActivem_E   0dea6c  _Set_ShowNoKeyRe   0df604  _Set_Show_USER_C   0df282
_Set_SlotParemet   0deb76  _Set_Step_Num      0f7a32  _Set_SystemTime_   0de902
_Set_SystemTime_   0de802  _Set_Time_PreOpr   0f7754  _Set_TriffSwitch   0dee0e
_Set_Triff_Step    0f7a20  _Set_YearSlot      0ded56  _Set_key_Event     0d5032
_Set_or_Clear_LC   0ecd1e  _Set_or_Clear_LC   0eccee  _Set_or_Clear_LC   0eca00
_Set_or_Clear_LC   0ec9f0  _Set_or_Clear_LC   0ecbfe  _Set_primary_ene   0df292
_Show_ID_vatiy     0036da  _Show_Powerdown_   0014da  _Show_Powerdown_   0018b8
_Show_Powerdown_   001c96  _Show_flag         004454  _Show_flash_falg   004461
_Show_flash_powe   0036db  _Sin_Cal           0f2994  _SoundAlarmEndCh   0ed16a
_SoundAlarmEvent   0ed12a  _SoundAlarmEvent   0044e6  _SoundAlarmFlag    0044e5
_SoundAlarmInit    0ed19a  _Sqrt_Cal          0f2f5e  _Step_Switch_Eve   0cff59
_Step_Switch_Eve   0cff4a  _Step_Updata_Eve   0cff66  _SwitchClosePlus   003403
_SwitchDelayActT   00087a  _SwitchOpenPlusC   003402  _SwitchPage        0d277e
_Switch_Plus_Dri   0f855a  _Switch_Test_Fla   003401  _Switch_Test_Tim   004618
_Switch_to_Subcl   0d5366  _TABLE_1_3_5_DIS   0c0000  _TB0_Int           0ec774
_TB1_Int           0ec83c  _TB3_counter       002a92  _TDK71M6515_data   004503
_TDK71M6515_data   004501  _TDK71M6515_err_   004500  _TDK71M6515_recd   0044fe
_TDK71M6515_rese   004502  _TDK71M6515_rese   0044f5  _TDK71M6515_rese   0044f4
_TDk6515_ready_f   0045b9  _TRAFF_RATE        0044ef  _TRAFF_RATE_Tmp    003404
_T_DelayT_Add      002406  _TempClockBatter   0044d9  _TempEventData     00266e
_TempSoundAlarmE   0044e7  _Temperature_Cur   0014d8  _Ten_Minute_Chec   0f9c36
_Test_Power_Limi   0f1218  _This_Month_Data   000e1c  _TimeChontrolBeg   0044cb
_TimeChontrolFla   0036ad  _TimeCount5ms      00292a  _TimeUPLimit       0eb8c8
_TimerA0_Int       0eae58  _TimerA2_Int       0f1eb4  _TimerA2_Int_Int   0ea2ac
_TimerA3_Int       0f1ea2  _TimerB4_Int       0f1ed2  _TimerB5_Int       0f1ee4
_Toggle_Loudspea   0ec9c0  _Triff_Card        0f6e08  _Triff_Switch_Ev   0cff30
_Triff_Switch_Ev   0cf358  _Triff_Updata_Ev   0cff3d  _UNITLEN           0cf460
_U_I_SPEC_INT      0f1fc2  _Uart0R_Int        0ea3a4  _Uart0T_Int        0ea398
_Uart1R_Int        0ea3c6  _Uart1T_Int        0ea3b0  _Uart2R_Int        0ea3f0
_Uart2T_Int        0ea3e4  _UpLoadEvent       0e7bce  _UpPowerSecond     003400
_User_Defind_Tab   004432  _User_Defind_Tab   004437  _Valid_IntoPower   00293a
_Valid_PD_Curr_F   002942  _Visual_power      0008f4  _Volt              0008a0
_VoltCheck_A       002816  _VoltCheck_ABC     00f1ea  _VoltCheck_B       002818
_VoltCheck_C       00281a  _VoltReverseEven   0e394e  _VoltStat          00281c
_VoltStatBillFla   0e2a3c  _VoltStatInit      0e27f8  _VoltStatSetDefa   0e27b4
_VoltStatisticCh   0e2848  _VoltStatisticEv   0e1e2a  _VoltStatisticFu   0e261e
_Volt_Phase        002b60  _Volt_down_limit   00f526  _Volt_top_limit    00f536
_VoltageDownEven   0e7550  _VoltageGreaterT   0044e4  _VoltageGreaterT   0044e8
_VoltageGreaterT   0044e3  _Voltage_AC_Calc   0f378e  _Voltage_Phase_C   0f31c0
_Voltage_Phase_D   0f2078  _Voltage_Spec      0cf36a  _Voltage_table     00f42a
_Voltage_table1    00f1a2  _Voltage_table_0   00f6ae  _Voltage_table_2   00f41a
_Voltc             0008ac  _WorkroomPasswor   00f08c  _WorkroomPasswor   00f086
_WriteDateBuff     00242a  _WriteDefaultTim   0e9618  _WriteEE_Or_F      0033f6
_WriteTimeFlag     0036af  _WriteWhitchEepr   0036aa  _XXCC              001c9e
__f4add            0fa7a2  __f4div            0fada0  __f4ge             0faf8c
__f4gt             0fb00e  __f4le             0fb090  __f4lt             0fb112
__f4mul            0fb194  __f4ne             0fb32e  __f4sub            0fb38a
__f4tof8           0fb3a6  __f4toi4U          0fb42c  __f8add            0fb452
__f8div            0fbd5e  __f8eq             0fde1a  __f8ge             0fc02a
__f8gt             0fc0d2  __f8le             0fc17a  __f8lt             0fc222
__f8mul            0fc31e  __f8ne             0fc5e6  __f8sub            0fc662
__f8tof4           0fc68a  __f8toi4           0fc73e  __f8toi4U          0fc764
__f8toi8           0fc78a  __i4Utof4          0fcc48  __i4Utof8          0fcc6a
__i4div            0fcaec  __i4divU           0fcb70  __i4modU           0fcbbe
__i4mulU           0fcc0a  __i4tof8           0fcc26  __i8div            0fcc8c
__i8divU           0fcdd8  __i8mod            0fced0  __i8modU           0fcff0
__i8mulU           0fd0c0  __i8tof4           0fd296  __mbase            0033d0
__memt             000886  __mnext            0033d4  __msize            0033d8
__pool             00087e  _acos_VAL          0f3094  _angle             002b98
_atan_FA           0f26f4  _auxiliary_power   0044f0  _bcopy             0fd57a
_buyBeforMoney     000870  _buy_money_OK_fl   0033fd  _bzero             0fd5b0
_check_cursor_by   0d4e20  _check_node        0ed714  _check_search_ti   0d297a
_clearFlag         0033fb  _clear_event_ID_   00082a  _clear_show_lcd    0d81de
_cpucard_number    002bf4  _cpucard_serial_   0f3af8  _cur_temp          002b8c
_currentTriff      002e68  _currimbalancecs   0033ee  _cursor_byte       0020aa
_cx                0024f2  _cyc_show          0d4e70  _cyc_show_num      002088
_cyc_show_time     00208a  _datapoint         00448e  _day_num           00f020
_dispCardCharTim   000812  _dispCardCharTim   000816  _dispCardDataTim   000808
_dispCardDataTim   00080c  _dispCharFlag      002140  _dispCharHoardTi   00081a
_dispCharHoardTi   00081e  _dispPaymentChar   0d899c  _dispPaymentFlag   004470
_dispPaymentTime   000804  _display_ICErr_F   0033fc  _display_Remain_   0033f9
_drop_cyc_buffer   0020b0  _drop_shwo_histo   00294c  _eeprom_cal_para   00f43a
_energyMoeny_fla   0033fe  _energy_back       00299c  _eng_limit         00f486
_errno             00088e  _esam_number       002e56  _eventReportTime   0045d1
_event_temp1       00f1b2  _event_temp2       00f1c2  _exit              0d0570
_f                 002b4c  _failure_flag      004449  _far_data_p        002e54
_far_press_state   002e5e  _fcount            0044ff  _firstsofttimead   0044ca
_flag_communicat   0044f1  _flag_power_dire   0044f2  _flash_time        0020a2
_format_data       0fe988  _free              0fd616  _fs_bit            0044ee
_fs_node           002afe  _fshow_flag        004451  _getCarrierGprs    0f7d28
_getRelayType      0f7cfc  _good_block        002adc  _in_cal            0044f7
_jump_out          0044ed  _key_flag          00443c  _key_interrupts    0d40b2
_key_jump_flag     004442  _key_show_no_key   0d4c44  _key_va            004441
_last_Ir_time      0020a6  _last_block        0044ec  _last_node         002ad8
_last_page         002ada  _last_time         00209a  _leaf_flag         004453
_load_flag         0045b8  _lostvoltenergy    00290e  _lostvoltenergyf   002908
_lostvoltenergyr   0027fe  _main              0d0574  _maxSetpNum        0033f8
_maxcurrimbalanc   00084a  _maxvoltimbalanc   00084e  _measure_status_   0044f6
_memcpy            0fdb26  _meterDispErr_ID   000810  _mid_eng_temp      002b6c
_move_showcode     0d5aca  _oldTriff          003090  _opencoverdate     0028fc
_oprateCode        0030a0  _overpower_plus_   0033ff  _pdmode1           0044c9
_pdmode2           0044cf  _pdmode2flag       0033f5  _pdmode3           0044d2
_pdmode3_wakefla   0044d3  _pdmodekeyflag     0044d4  _power_limit       00f5be
_ppttimeadd        002932  _press_card_stat   002bfc  _ready_relay_sta   0045ba
_ready_relay_tim   002bec  _real_key_val      004446  _receive_data_le   002bf2
_receive_send_bu   002bfe  _relay_Load_Cal_   0f367e  _reset_last_time   002be8
_result2           001cae  _ret_flag          004452  _rominstandata     00f186
_scan_time         00209e  _sec_deal_flag     0036dd  _set_cycle_num     00446f
_show_build_char   0d53f0  _show_clear_char   0d53b2  _show_code         002080
_show_leaf_flag    004450  _show_mode1        00444f  _show_readerr_ch   0d5042
_show_rebuild_ch   0d542e  _show_reset_char   0d5042  _show_user_code    0d8304
_show_which_now    0036dc  _softtimeadd       00292e  _sqrt              0fdb9e
_start_time        002096  _switchDriveTime   000876  _switch_flag       0044eb
_temp_key_val      004443  _temperatrue       002bee  _testID            0033e4
_testID2           0033e5  _time500add        00294a  _tnum1             0044cc
_tnum2             0044cd  _tnum3             0044ce  _tree_error        002ad6
_uartxcomm         004494  _user_defind_cod   002084  _user_defind_cod   00443d
_user_level        00448f  _voltimbalancecs   0033ef  _vram              002118
start              0d044f  

##########################################
# (4) GLOBAL EQU SYMBOL INFORMATION      #
##########################################
__SB__           00000400  

##########################################
# (5) GLOBAL EQU BIT-SYMBOL INFORMATION  #
##########################################

##########################################
# (6) LOCAL LABEL INFORMATION            #
##########################################
@ NCRT0 ( .\ncrt0.r30 )
@ MAIN ( .\main.r30 )
@ ALLVOLTAGELOSS ( .\AllVoltageLoss.r30 )
@ DEMAND ( .\Demand.r30 )
@ HT_1623 ( .\HT_1623.r30 )
@ I2C_OPERATION ( .\I2C_operation.r30 )
@ INIT_PROGRAM_LDH ( .\Init_program_LDH.r30 )
@ LOADRECORD ( .\LoadRecord.r30 )
@ MB_KEYMAIN ( .\MB_Keymain.r30 )
@ MB_SHOWMAIN ( .\MB_Showmain.r30 )
@ COMM ( .\comm.r30 )
@ EVENTNEW ( .\eventnew.r30 )
@ INITCPU ( .\initcpu.r30 )
@ INITRAM ( .\initram.r30 )
@ INTERRUPT ( .\interrupt.r30 )
@ MULTI ( .\multi.r30 )
@ SEG ( .\seg.r30 )
@ POWERDOWN_LDH ( .\powerdown_ldh.r30 )
@ ATT7022_OPERATION ( .\att7022_operation.r30 )
@ CAL24C02 ( .\cal24c02.r30 )
@ 645_2007 ( .\645_2007.r30 )
@ FREEZE ( .\freeze.r30 )
@ FILE_SYSTEM ( .\File_System.r30 )
@ 645DATA ( .\645Data.r30 )
@ TDK71M6515_CAL ( .\TDK71M6515_Cal.r30 )
@ CPUCARD_DRIVER ( .\Cpucard_Driver.r30 )
@ FAR_PAY ( .\Far_pay.r30 )
@ ICCARD ( .\ICcard.r30 )
@ PAY_FOR_FUN ( .\Pay_For_Fun.r30 )
@ CARD_DATA ( .\Card_Data.r30 )
@ WIRELESS ( .\Wireless.r30 )
@ _F4ADD ( C:\MTOOL\LIB30\nc30lib.lib )
@ _F4DIV ( C:\MTOOL\LIB30\nc30lib.lib )
@ _F4GE ( C:\MTOOL\LIB30\nc30lib.lib )
@ _F4GT ( C:\MTOOL\LIB30\nc30lib.lib )
@ _F4LE ( C:\MTOOL\LIB30\nc30lib.lib )
@ _F4LT ( C:\MTOOL\LIB30\nc30lib.lib )
@ _F4MUL ( C:\MTOOL\LIB30\nc30lib.lib )
@ _F4NE ( C:\MTOOL\LIB30\nc30lib.lib )
@ _F4SUB ( C:\MTOOL\LIB30\nc30lib.lib )
@ _F4TOF8 ( C:\MTOOL\LIB30\nc30lib.lib )
@ _F4TOI4U ( C:\MTOOL\LIB30\nc30lib.lib )
@ _F8ADD ( C:\MTOOL\LIB30\nc30lib.lib )
@ _F8DIV ( C:\MTOOL\LIB30\nc30lib.lib )
@ _F8GE ( C:\MTOOL\LIB30\nc30lib.lib )
@ _F8GT ( C:\MTOOL\LIB30\nc30lib.lib )
@ _F8LE ( C:\MTOOL\LIB30\nc30lib.lib )
@ _F8LT ( C:\MTOOL\LIB30\nc30lib.lib )
@ _F8LTOR ( C:\MTOOL\LIB30\nc30lib.lib )
@ _F8MUL ( C:\MTOOL\LIB30\nc30lib.lib )
@ _F8NE ( C:\MTOOL\LIB30\nc30lib.lib )
@ _F8SUB ( C:\MTOOL\LIB30\nc30lib.lib )
@ _F8TOF4 ( C:\MTOOL\LIB30\nc30lib.lib )
@ _F8TOI4 ( C:\MTOOL\LIB30\nc30lib.lib )
@ _F8TOI4U ( C:\MTOOL\LIB30\nc30lib.lib )
@ _F8TOI8 ( C:\MTOOL\LIB30\nc30lib.lib )
@ _FTOL ( C:\MTOOL\LIB30\nc30lib.lib )
@ _FTOLL ( C:\MTOOL\LIB30\nc30lib.lib )
@ _I4DIV ( C:\MTOOL\LIB30\nc30lib.lib )
@ _I4DIVU ( C:\MTOOL\LIB30\nc30lib.lib )
@ _I4MODU ( C:\MTOOL\LIB30\nc30lib.lib )
@ _I4MULU ( C:\MTOOL\LIB30\nc30lib.lib )
@ _I4TOF8 ( C:\MTOOL\LIB30\nc30lib.lib )
@ _I4UTOF4 ( C:\MTOOL\LIB30\nc30lib.lib )
@ _I4UTOF8 ( C:\MTOOL\LIB30\nc30lib.lib )
@ _I8DIV ( C:\MTOOL\LIB30\nc30lib.lib )
@ _I8DIVU ( C:\MTOOL\LIB30\nc30lib.lib )
@ _I8MOD ( C:\MTOOL\LIB30\nc30lib.lib )
@ _I8MODU ( C:\MTOOL\LIB30\nc30lib.lib )
@ _I8MULU ( C:\MTOOL\LIB30\nc30lib.lib )
@ _I8TOF4 ( C:\MTOOL\LIB30\nc30lib.lib )
@ _LLTOF ( C:\MTOOL\LIB30\nc30lib.lib )
@ _LTOF ( C:\MTOOL\LIB30\nc30lib.lib )
@ BCOPY ( C:\MTOOL\LIB30\nc30lib.lib )
@ BZERO ( C:\MTOOL\LIB30\nc30lib.lib )
@ MALLOC ( C:\MTOOL\LIB30\nc30lib.lib )
@ MEMCPY ( C:\MTOOL\LIB30\nc30lib.lib )
@ MEMSET ( C:\MTOOL\LIB30\nc30lib.lib )
@ SQRT ( C:\MTOOL\LIB30\nc30lib.lib )
@ _F4LTOR ( C:\MTOOL\LIB30\nc30lib.lib )
@ _F4RTOL ( C:\MTOOL\LIB30\nc30lib.lib )
@ _F8EQ ( C:\MTOOL\LIB30\nc30lib.lib )
@ _F8RTOL ( C:\MTOOL\LIB30\nc30lib.lib )
@ ERRNO ( C:\MTOOL\LIB30\nc30lib.lib )
@ MB_BASE_FUN ( MB_Base_Fun.lib )
@ DL_645_DATACHANGE ( datachange.lib )

##########################################
# (7) LOCAL EQU SYMBOL INFORMATION       #
##########################################
@ NCRT0 ( .\ncrt0.r30 )
@ MAIN ( .\main.r30 )
@ ALLVOLTAGELOSS ( .\AllVoltageLoss.r30 )
@ DEMAND ( .\Demand.r30 )
@ HT_1623 ( .\HT_1623.r30 )
@ I2C_OPERATION ( .\I2C_operation.r30 )
@ INIT_PROGRAM_LDH ( .\Init_program_LDH.r30 )
@ LOADRECORD ( .\LoadRecord.r30 )
@ MB_KEYMAIN ( .\MB_Keymain.r30 )
@ MB_SHOWMAIN ( .\MB_Showmain.r30 )
@ COMM ( .\comm.r30 )
@ EVENTNEW ( .\eventnew.r30 )
@ INITCPU ( .\initcpu.r30 )
@ INITRAM ( .\initram.r30 )
@ INTERRUPT ( .\interrupt.r30 )
@ MULTI ( .\multi.r30 )
@ SEG ( .\seg.r30 )
@ POWERDOWN_LDH ( .\powerdown_ldh.r30 )
@ ATT7022_OPERATION ( .\att7022_operation.r30 )
@ CAL24C02 ( .\cal24c02.r30 )
@ 645_2007 ( .\645_2007.r30 )
@ FREEZE ( .\freeze.r30 )
@ FILE_SYSTEM ( .\File_System.r30 )
@ 645DATA ( .\645Data.r30 )
@ TDK71M6515_CAL ( .\TDK71M6515_Cal.r30 )
@ CPUCARD_DRIVER ( .\Cpucard_Driver.r30 )
@ FAR_PAY ( .\Far_pay.r30 )
@ ICCARD ( .\ICcard.r30 )
@ PAY_FOR_FUN ( .\Pay_For_Fun.r30 )
@ CARD_DATA ( .\Card_Data.r30 )
@ WIRELESS ( .\Wireless.r30 )
@ _F4ADD ( C:\MTOOL\LIB30\nc30lib.lib )
@ _F4DIV ( C:\MTOOL\LIB30\nc30lib.lib )
@ _F4GE ( C:\MTOOL\LIB30\nc30lib.lib )
@ _F4GT ( C:\MTOOL\LIB30\nc30lib.lib )
@ _F4LE ( C:\MTOOL\LIB30\nc30lib.lib )
@ _F4LT ( C:\MTOOL\LIB30\nc30lib.lib )
@ _F4MUL ( C:\MTOOL\LIB30\nc30lib.lib )
@ _F4NE ( C:\MTOOL\LIB30\nc30lib.lib )
@ _F4SUB ( C:\MTOOL\LIB30\nc30lib.lib )
@ _F4TOF8 ( C:\MTOOL\LIB30\nc30lib.lib )
@ _F4TOI4U ( C:\MTOOL\LIB30\nc30lib.lib )
@ _F8ADD ( C:\MTOOL\LIB30\nc30lib.lib )
@ _F8DIV ( C:\MTOOL\LIB30\nc30lib.lib )
@ _F8GE ( C:\MTOOL\LIB30\nc30lib.lib )
@ _F8GT ( C:\MTOOL\LIB30\nc30lib.lib )
@ _F8LE ( C:\MTOOL\LIB30\nc30lib.lib )
@ _F8LT ( C:\MTOOL\LIB30\nc30lib.lib )
@ _F8LTOR ( C:\MTOOL\LIB30\nc30lib.lib )
@ _F8MUL ( C:\MTOOL\LIB30\nc30lib.lib )
@ _F8NE ( C:\MTOOL\LIB30\nc30lib.lib )
@ _F8SUB ( C:\MTOOL\LIB30\nc30lib.lib )
@ _F8TOF4 ( C:\MTOOL\LIB30\nc30lib.lib )
@ _F8TOI4 ( C:\MTOOL\LIB30\nc30lib.lib )
@ _F8TOI4U ( C:\MTOOL\LIB30\nc30lib.lib )
@ _F8TOI8 ( C:\MTOOL\LIB30\nc30lib.lib )
@ _FTOL ( C:\MTOOL\LIB30\nc30lib.lib )
@ _FTOLL ( C:\MTOOL\LIB30\nc30lib.lib )
@ _I4DIV ( C:\MTOOL\LIB30\nc30lib.lib )
@ _I4DIVU ( C:\MTOOL\LIB30\nc30lib.lib )
@ _I4MODU ( C:\MTOOL\LIB30\nc30lib.lib )
@ _I4MULU ( C:\MTOOL\LIB30\nc30lib.lib )
@ _I4TOF8 ( C:\MTOOL\LIB30\nc30lib.lib )
@ _I4UTOF4 ( C:\MTOOL\LIB30\nc30lib.lib )
@ _I4UTOF8 ( C:\MTOOL\LIB30\nc30lib.lib )
@ _I8DIV ( C:\MTOOL\LIB30\nc30lib.lib )
@ _I8DIVU ( C:\MTOOL\LIB30\nc30lib.lib )
@ _I8MOD ( C:\MTOOL\LIB30\nc30lib.lib )
@ _I8MODU ( C:\MTOOL\LIB30\nc30lib.lib )
@ _I8MULU ( C:\MTOOL\LIB30\nc30lib.lib )
@ _I8TOF4 ( C:\MTOOL\LIB30\nc30lib.lib )
@ _LLTOF ( C:\MTOOL\LIB30\nc30lib.lib )
@ _LTOF ( C:\MTOOL\LIB30\nc30lib.lib )
@ BCOPY ( C:\MTOOL\LIB30\nc30lib.lib )
@ BZERO ( C:\MTOOL\LIB30\nc30lib.lib )
@ MALLOC ( C:\MTOOL\LIB30\nc30lib.lib )
@ MEMCPY ( C:\MTOOL\LIB30\nc30lib.lib )
@ MEMSET ( C:\MTOOL\LIB30\nc30lib.lib )
@ SQRT ( C:\MTOOL\LIB30\nc30lib.lib )
@ _F4LTOR ( C:\MTOOL\LIB30\nc30lib.lib )
@ _F4RTOL ( C:\MTOOL\LIB30\nc30lib.lib )
@ _F8EQ ( C:\MTOOL\LIB30\nc30lib.lib )
@ _F8RTOL ( C:\MTOOL\LIB30\nc30lib.lib )
@ ERRNO ( C:\MTOOL\LIB30\nc30lib.lib )
@ MB_BASE_FUN ( MB_Base_Fun.lib )
@ DL_645_DATACHANGE ( datachange.lib )

##########################################
# (8) LOCAL EQU BIT-SYMBOL INFORMATION   #
##########################################
@ NCRT0 ( .\ncrt0.r30 )
@ MAIN ( .\main.r30 )
@ ALLVOLTAGELOSS ( .\AllVoltageLoss.r30 )
@ DEMAND ( .\Demand.r30 )
@ HT_1623 ( .\HT_1623.r30 )
@ I2C_OPERATION ( .\I2C_operation.r30 )
@ INIT_PROGRAM_LDH ( .\Init_program_LDH.r30 )
@ LOADRECORD ( .\LoadRecord.r30 )
@ MB_KEYMAIN ( .\MB_Keymain.r30 )
@ MB_SHOWMAIN ( .\MB_Showmain.r30 )
@ COMM ( .\comm.r30 )
@ EVENTNEW ( .\eventnew.r30 )
@ INITCPU ( .\initcpu.r30 )
@ INITRAM ( .\initram.r30 )
@ INTERRUPT ( .\interrupt.r30 )
@ MULTI ( .\multi.r30 )
@ SEG ( .\seg.r30 )
@ POWERDOWN_LDH ( .\powerdown_ldh.r30 )
@ ATT7022_OPERATION ( .\att7022_operation.r30 )
@ CAL24C02 ( .\cal24c02.r30 )
@ 645_2007 ( .\645_2007.r30 )
@ FREEZE ( .\freeze.r30 )
@ FILE_SYSTEM ( .\File_System.r30 )
@ 645DATA ( .\645Data.r30 )
@ TDK71M6515_CAL ( .\TDK71M6515_Cal.r30 )
@ CPUCARD_DRIVER ( .\Cpucard_Driver.r30 )
@ FAR_PAY ( .\Far_pay.r30 )
@ ICCARD ( .\ICcard.r30 )
@ PAY_FOR_FUN ( .\Pay_For_Fun.r30 )
@ CARD_DATA ( .\Card_Data.r30 )
@ WIRELESS ( .\Wireless.r30 )
@ _F4ADD ( C:\MTOOL\LIB30\nc30lib.lib )
@ _F4DIV ( C:\MTOOL\LIB30\nc30lib.lib )
@ _F4GE ( C:\MTOOL\LIB30\nc30lib.lib )
@ _F4GT ( C:\MTOOL\LIB30\nc30lib.lib )
@ _F4LE ( C:\MTOOL\LIB30\nc30lib.lib )
@ _F4LT ( C:\MTOOL\LIB30\nc30lib.lib )
@ _F4MUL ( C:\MTOOL\LIB30\nc30lib.lib )
@ _F4NE ( C:\MTOOL\LIB30\nc30lib.lib )
@ _F4SUB ( C:\MTOOL\LIB30\nc30lib.lib )
@ _F4TOF8 ( C:\MTOOL\LIB30\nc30lib.lib )
@ _F4TOI4U ( C:\MTOOL\LIB30\nc30lib.lib )
@ _F8ADD ( C:\MTOOL\LIB30\nc30lib.lib )
@ _F8DIV ( C:\MTOOL\LIB30\nc30lib.lib )
@ _F8GE ( C:\MTOOL\LIB30\nc30lib.lib )
@ _F8GT ( C:\MTOOL\LIB30\nc30lib.lib )
@ _F8LE ( C:\MTOOL\LIB30\nc30lib.lib )
@ _F8LT ( C:\MTOOL\LIB30\nc30lib.lib )
@ _F8LTOR ( C:\MTOOL\LIB30\nc30lib.lib )
@ _F8MUL ( C:\MTOOL\LIB30\nc30lib.lib )
@ _F8NE ( C:\MTOOL\LIB30\nc30lib.lib )
@ _F8SUB ( C:\MTOOL\LIB30\nc30lib.lib )
@ _F8TOF4 ( C:\MTOOL\LIB30\nc30lib.lib )
@ _F8TOI4 ( C:\MTOOL\LIB30\nc30lib.lib )
@ _F8TOI4U ( C:\MTOOL\LIB30\nc30lib.lib )
@ _F8TOI8 ( C:\MTOOL\LIB30\nc30lib.lib )
@ _FTOL ( C:\MTOOL\LIB30\nc30lib.lib )
@ _FTOLL ( C:\MTOOL\LIB30\nc30lib.lib )
@ _I4DIV ( C:\MTOOL\LIB30\nc30lib.lib )
@ _I4DIVU ( C:\MTOOL\LIB30\nc30lib.lib )
@ _I4MODU ( C:\MTOOL\LIB30\nc30lib.lib )
@ _I4MULU ( C:\MTOOL\LIB30\nc30lib.lib )
@ _I4TOF8 ( C:\MTOOL\LIB30\nc30lib.lib )
@ _I4UTOF4 ( C:\MTOOL\LIB30\nc30lib.lib )
@ _I4UTOF8 ( C:\MTOOL\LIB30\nc30lib.lib )
@ _I8DIV ( C:\MTOOL\LIB30\nc30lib.lib )
@ _I8DIVU ( C:\MTOOL\LIB30\nc30lib.lib )
@ _I8MOD ( C:\MTOOL\LIB30\nc30lib.lib )
@ _I8MODU ( C:\MTOOL\LIB30\nc30lib.lib )
@ _I8MULU ( C:\MTOOL\LIB30\nc30lib.lib )
@ _I8TOF4 ( C:\MTOOL\LIB30\nc30lib.lib )
@ _LLTOF ( C:\MTOOL\LIB30\nc30lib.lib )
@ _LTOF ( C:\MTOOL\LIB30\nc30lib.lib )
@ BCOPY ( C:\MTOOL\LIB30\nc30lib.lib )
@ BZERO ( C:\MTOOL\LIB30\nc30lib.lib )
@ MALLOC ( C:\MTOOL\LIB30\nc30lib.lib )
@ MEMCPY ( C:\MTOOL\LIB30\nc30lib.lib )
@ MEMSET ( C:\MTOOL\LIB30\nc30lib.lib )
@ SQRT ( C:\MTOOL\LIB30\nc30lib.lib )
@ _F4LTOR ( C:\MTOOL\LIB30\nc30lib.lib )
@ _F4RTOL ( C:\MTOOL\LIB30\nc30lib.lib )
@ _F8EQ ( C:\MTOOL\LIB30\nc30lib.lib )
@ _F8RTOL ( C:\MTOOL\LIB30\nc30lib.lib )
@ ERRNO ( C:\MTOOL\LIB30\nc30lib.lib )
@ MB_BASE_FUN ( MB_Base_Fun.lib )
@ DL_645_DATACHANGE ( datachange.lib )

